Process id: 0 x1 : 0x1
Process id: 0 x1 : 0x2
Process id: 0 x1 : 0x3
Process id: 0 x1 : 0x4
Process id: 0 x1 : 0xB
Process id: 0 x1 : 0xC
Process id: 0 x1 : 0xD
Process id: 0 x1 : 0xB
Process id: 0 x1 : 0xC
Process id: 0 x1 : 0xD
Process id: 0 x1 : 0x1
Process id: 0 x1 : 0x2
Process id: 0 x1 : 0x3
Process id: 0 x1 : 0x4
Process id: 0 x1 : 0xB
Process id: 0 x1 : 0xC
Process id: 0 x1 : 0xD
Process id: 0 x1 : 0x15
Process id: 0 x1 : 0x16
Process id: 0 x1 : 0x17
Process id: 0 x1 : 0x1F
Process id: 0 x1 : 0x20
Process id: 0 x1 : 0x21
Process id: 0 x1 : 0x1
Process id: 0 x1 : 0x2
Process id: 0 x1 : 0x3
Process id: 0 x1 : 0x4
